DM Object: DMinit 4 MPI processes
  type: plex
DMinit in 2 dimensions:
  0-cells: 4 4 4 4
  1-cells: 5 5 5 5
  2-cells: 2 2 2 2
Labels:
  depth: 3 strata with value/size (0 (4), 1 (5), 2 (2))
  celltype: 3 strata with value/size (0 (4), 1 (5), 3 (2))
  marker: 1 strata with value/size (1 (5))
  Face Sets: 1 strata with value/size (1 (2))
DM Object: DMadapt (adapt_) 4 MPI processes
  type: plex
DMadapt in 2 dimensions:
  0-cells: 4 4 4 4
  1-cells: 5 5 5 5
  2-cells: 2 2 2 2
Labels:
  celltype: 3 strata with value/size (0 (4), 3 (2), 1 (5))
  depth: 3 strata with value/size (0 (4), 1 (5), 2 (2))
  _boundary_: 1 strata with value/size (1 (2))
