DM Object: DMinit 1 MPI processes
  type: plex
DMinit in 2 dimensions:
  0-cells: 25
  1-cells: 56
  2-cells: 32
Labels:
  celltype: 3 strata with value/size (0 (25), 3 (32), 1 (56))
  depth: 3 strata with value/size (0 (25), 1 (56), 2 (32))
  marker: 1 strata with value/size (1 (32))
  Face Sets: 1 strata with value/size (1 (16))
DM Object: DMadapt (adapt_) 1 MPI processes
  type: plex
DMadapt in 2 dimensions:
  0-cells: 35
  1-cells: 78
  2-cells: 44
Labels:
  celltype: 3 strata with value/size (0 (35), 3 (44), 1 (78))
  depth: 3 strata with value/size (0 (35), 1 (78), 2 (44))
  _boundary_: 1 strata with value/size (1 (24))
