DM Object: DMinit 2 MPI processes
  type: plex
DMinit in 2 dimensions:
  0-cells: 6 6
  1-cells: 9 9
  2-cells: 4 4
Labels:
  depth: 3 strata with value/size (0 (6), 1 (9), 2 (4))
  celltype: 3 strata with value/size (0 (6), 1 (9), 3 (4))
  marker: 1 strata with value/size (1 (9))
  Face Sets: 1 strata with value/size (1 (4))
DM Object: DMadapt (adapt_) 2 MPI processes
  type: plex
DMadapt in 2 dimensions:
  0-cells: 6 6
  1-cells: 9 9
  2-cells: 4 4
Labels:
  celltype: 3 strata with value/size (0 (6), 3 (4), 1 (9))
  depth: 3 strata with value/size (0 (6), 1 (9), 2 (4))
  _boundary_: 1 strata with value/size (1 (4))
