DM Object: DMinit 2 MPI processes
  type: plex
DMinit in 3 dimensions:
  0-cells: 565 540
  1-cells: 3131 3003
  2-cells: 4796 4609
  3-cells: 2229 2145
Labels:
  depth: 4 strata with value/size (0 (565), 1 (3131), 2 (4796), 3 (2229))
  marker: 1 strata with value/size (1 (1070))
  celltype: 4 strata with value/size (0 (565), 1 (3131), 3 (4796), 6 (2229))
DM Object: DMadapt (adapt_) 2 MPI processes
  type: plex
DMadapt in 3 dimensions:
  0-cells: 1000 1071
  1-cells: 5601 6069
  2-cells: 8683 9474
  3-cells: 4081 4475
Labels:
  celltype: 4 strata with value/size (0 (1000), 6 (4081), 3 (8683), 1 (5601))
  depth: 4 strata with value/size (0 (1000), 1 (5601), 2 (8683), 3 (4081))
  _boundary_: 1 strata with value/size (1 (871))
