Overlap: 1
DM Object: Generated Mesh 2 MPI processes
  type: plex
Generated Mesh in 2 dimensions:
  0-cells: 22 22
  1-cells: 48 48
  2-cells: 27 27
Labels:
  depth: 3 strata with value/size (0 (22), 1 (48), 2 (27))
  celltype: 3 strata with value/size (0 (22), 1 (48), 3 (27))
  marker: 1 strata with value/size (1 (25))
  Face Sets: 1 strata with value/size (1 (19))
