DM Object: DM_init 1 MPI processes
  type: plex
DM_init in 2 dimensions:
  0-cells: 25
  1-cells: 56
  2-cells: 32
Labels:
  celltype: 3 strata with value/size (0 (25), 3 (32), 1 (56))
  depth: 3 strata with value/size (0 (25), 1 (56), 2 (32))
  marker: 1 strata with value/size (1 (32))
  Face Sets: 1 strata with value/size (1 (16))
Field P1:
  adjacency FEM
DM Object: DM_adapted 1 MPI processes
  type: plex
DM_adapted in 2 dimensions:
  0-cells: 143
  1-cells: 378
  2-cells: 236
Labels:
  celltype: 3 strata with value/size (0 (143), 3 (236), 1 (378))
  depth: 3 strata with value/size (0 (143), 1 (378), 2 (236))
  _boundary_: 1 strata with value/size (1 (48))
